### CHAR 和 VARCHAR 的定义

>CHAR(N) 用来保存固定长度的字符，N 的范围是 0 ~ 255，请牢记，N 表示的是字符，而不是字节。VARCHAR(N) 用来保存变长字符，N 的范围为 0 ~ 65536， N 表示字符。
> 
> 在超出 65536 个字符的情况下，可以考虑使用更大的字符类型 TEXT 或 BLOB，两者最大存储长度为 4G，其区别是 BLOB 没有字符集属性，纯属二进制存储。
> 
> 和 Oracle、Microsoft SQL Server 等传统关系型数据库不同的是，MySQL 数据库的 VARCHAR 字符类型，最大能够存储 65536 个字符，所以在 MySQL 数据库下，绝大部分场景使用类型 VARCHAR 就足够了。


### 排序规则 Collation

排序规则（Collation）是比较和排序字符串的一种规则，每个字符集都会有默认的排序规则，你可以用命令 SHOW CHARSET 来查看

排序规则以 _ci 结尾，表示不区分大小写（Case Insentive），_cs 表示大小写敏感，_bin 表示通过存储字符的二进制进行比较。需要注意的是，比较 MySQL 字符串，默认采用不区分大小的排序规则：

***牢记，绝大部分业务的表结构设计无须设置排序规则为大小写敏感！除非你能明白你的业务真正需要。***

### 正确修改字符集

当然，相信不少业务在设计时没有考虑到字符集对于业务数据存储的影响，所以后期需要进行字符集转换，但很多同学会发现执行如下操作后，依然无法插入 emoji 这类 UTF8MB4 字符：

```mysql
ALTER TABLE emoji_test CHARSET utf8mb4;
```

其实，上述修改只是将表的字符集修改为 UTF8MB4，下次新增列时，若不显式地指定字符集，新列的字符集会变更为 UTF8MB4，但对于已经存在的列，其默认字符集并不做修改，

***因此，正确修改列字符集的命令应该使用 ALTER TABLE … CONVERT TO…***

```mysql
ALTER TABLE emoji_test CONVERT TO CHARSET utf8mb4;
```

### 用户性别设计

```mysql
CREATE TABLE `User` (

  `id` bigint NOT NULL AUTO_INCREMENT,

  `sex` tinyint DEFAULT NULL,

  ......

  PRIMARY KEY (`id`)

) ENGINE=InnoDB；

```

其中，tinyint 列 sex 表示用户性别，但这样设计问题比较明显。

* 表达不清：在具体存储时，0 表示女，还是 1 表示女呢？每个业务可能有不同的潜规则；
* 脏数据：因为是 tinyint，因此除了 0 和 1，用户完全可以插入 2、3、4 这样的数值，最终表中存在无效数据的可能，后期再进行清理，代价就非常大了。

在 MySQL 8.0 版本之前，可以使用 ENUM 字符串枚举类型，只允许有限的定义值插入。如果将参数 SQL_MODE 设置为严格模式，插入非定义数据就会报错

```mysql
mysql> SHOW CREATE TABLE User\G

*************************** 1. row ***************************

       Table: User

Create Table: CREATE TABLE `User` (

  `id` bigint NOT NULL AUTO_INCREMENT,

  `sex` enum('M','F') COLLATE utf8mb4_general_ci DEFAULT NULL,

  PRIMARY KEY (`id`)

) ENGINE=InnoDB

1 row in set (0.00 sec)

mysql> SET sql_mode = 'STRICT_TRANS_TABLES';

Query OK, 0 rows affected, 1 warning (0.00 sec)

mysql> INSERT INTO User VALUES (NULL,'F');

Query OK, 1 row affected (0.08 sec)

mysql> INSERT INTO User VALUES (NULL,'A');

ERROR 1265 (01000): Data truncated for column 'sex' at row 1

```

自 MySQL 8.0.16 版本开始，数据库原生提供 CHECK 约束功能，可以方便地进行有限状态列类型的设计：

```mysql
mysql> SHOW CREATE TABLE User\G

*************************** 1. row ***************************

       Table: User

Create Table: CREATE TABLE `User` (

  `id` bigint NOT NULL AUTO_INCREMENT,

  `sex` char(1) COLLATE utf8mb4_general_ci DEFAULT NULL,

  PRIMARY KEY (`id`),

  CONSTRAINT `user_chk_1` CHECK (((`sex` = _utf8mb4'M') or (`sex` = _utf8mb4'F')))

) ENGINE=InnoDB

1 row in set (0.00 sec)

mysql> INSERT INTO User VALUES (NULL,'M');

Query OK, 1 row affected (0.07 sec)

mysql> INSERT INTO User VALUES (NULL,'Z');

ERROR 3819 (HY000): Check constraint 'user_chk_1' is violated.

```

### 账户密码存储设计

主要考虑的是安全的问题


### 总结

* CHAR 和 VARCHAR 虽然分别用于存储定长和变长字符，但对于变长字符集（如 GBK、UTF8MB4），其本质是一样的，都是变长，设计时完全可以用 VARCHAR 替代 CHAR；
* 推荐 MySQL 字符集默认设置为 UTF8MB4，可以用于存储 emoji 等扩展字符；
* 排序规则很重要，用于字符的比较和排序，但大部分场景不需要用区分大小写的排序规则；
* 修改表中已有列的字符集，使用命令 ALTER TABLE … CONVERT TO ….；
* 用户性别，运行状态等有限值的列，MySQL 8.0.16 版本直接使用 CHECK 约束机制，之前的版本可使用 ENUM 枚举字符串类型，外加 SQL_MODE 的严格模式；
* 业务隐私信息，如密码、手机、信用卡等信息，需要加密。切记简单的MD5算法是可以进行暴力破解，并不安全，推荐使用动态盐+动态加密算法进行隐私数据的存储。